
> tech-club-platform@0.1.0 build
> next build

Γû▓ Next.js 16.1.6 (Turbopack)
- Environments: .env.local

node.exe : ΓÜá The "middleware" file convention is deprecated. Please use "proxy" instead. Learn more: 
https://nextjs.org/docs/messages/middleware-to-proxy
At line:1 char:1
+ & "C:\Program Files\nodejs/node.exe" "C:\Users\arman\AppData\Roaming\ ...
+ ~~~~~~~~~~~~~~~~~~~~~~~~~~~~~~~~~~~~~~~~~~~~~~~~~~~~~~~~~~~~~~~~~~~~~
    + CategoryInfo          : NotSpecified: (ΓÜá The "middle...leware-to-proxy:String) [], RemoteException
    + FullyQualifiedErrorId : NativeCommandError
 
  Creating an optimized production build ...
Γ£ô Compiled successfully in 4.0s
  Running TypeScript ...
Failed to compile.

./src/app/(auth)/login/page.tsx:72:35
Type error: Cannot find name 'loginWithGoogle'.

[0m [90m 70 |[39m
 [90m 71 |[39m                 [33m<[39m[33mdiv[39m className[33m=[39m[32m"bg-neutral-900 px-6 py-8 shadow 
rounded-lg sm:px-10 border border-neutral-800"[39m[33m>[39m
[31m[1m>[22m[39m[90m 72 |[39m                     [33m<[39m[33mform[39m action[33m=[39m{loginWithGoogle} 
className[33m=[39m[32m"mb-6"[39m[33m>[39m
 [90m    |[39m                                   [31m[1m^[22m[39m
 [90m 73 |[39m                         [33m<[39m[33mButton[39m variant[33m=[39m[32m"outline"[39m 
type[33m=[39m[32m"submit"[39m className[33m=[39m[32m"w-full border-neutral-700 bg-neutral-900 text-neutral-200 
hover:bg-neutral-800 hover:text-white"[39m[33m>[39m
 [90m 74 |[39m                             [33m<[39m[33msvg[39m className[33m=[39m[32m"mr-2 h-4 w-4"[39m 
aria[33m-[39mhidden[33m=[39m[32m"true"[39m focusable[33m=[39m[32m"false"[39m 
data[33m-[39mprefix[33m=[39m[32m"fab"[39m data[33m-[39micon[33m=[39m[32m"google"[39m 
role[33m=[39m[32m"img"[39m xmlns[33m=[39m[32m"http://www.w3.org/2000/svg"[39m viewBox[33m=[39m[32m"0 0 488 
512"[39m[33m>[39m
 [90m 75 |[39m                                 [33m<[39m[33mpath[39m fill[33m=[39m[32m"currentColor"[39m 
d[33m=[39m[32m"M488 261.8C488 403.3 391.1 504 248 504 110.8 504 0 393.2 0 256S110.8 8 248 8c66.8 0 123 24.5 166.3 
64.9l-67.5 64.9C258.5 52.6 94.3 116.6 94.3 256c0 86.5 69.1 156.6 153.7 156.6 98.2 0 135-70.4 
140.8-106.9H248v-85.3h236.1c2.3 12.7 3.9 24.9 3.9 
41.4z"[39m[33m>[39m[33m<[39m[33m/[39m[33mpath[39m[33m>[39m[0m
Next.js build worker exited with code: 1 and signal: null
