
> tech-club-platform@0.1.0 build
> next build

node.exe : 'next' is 
not recognized as an 
internal or external 
command,
At line:1 char:1
+ & "C:\Program Files
\nodejs/node.exe" "C:
\Users\arman\AppData\
Roaming\ ...
+ ~~~~~~~~~~~~~~~~~~~
~~~~~~~~~~~~~~~~~~~~~
~~~~~~~~~~~~~~~~~~~~~
~~~~~~~~
    + CategoryInfo   
           : 
NotSpecified: ('    
next' is not 
r...tern    al 
command,:String) [   
 ], RemoteException
    + 
FullyQualifiedError  
  Id : 
NativeCommandErr    
or
 
operable program or 
batch file.
